
> fusion-starter@ build /var/www/dealpost
> npm run build:client && npm run build:server


> build:client
> vite build

vite v8.1.5 building client environment for production...
[2Ktransforming...✓ 2265 modules transformed.
rendering chunks...
computing gzip size...
dist/spa/index.html                   0.79 kB │ gzip:   0.49 kB
dist/spa/assets/index-RvjichR9.css  110.21 kB │ gzip:  20.07 kB
dist/spa/assets/index-BRP48ENz.js   495.36 kB │ gzip: 155.67 kB

✓ built in 1.20s

> build:server
> vite build --config vite.config.server.ts

vite v8.1.5 building ssr environment for production...
[2Ktransforming...✓ 5 modules transformed.
rendering chunks...
computing gzip size...
dist/server/node-build.mjs  2.53 kB │ gzip: 1.12 kB │ map: 5.04 kB

✓ built in 155ms

ERRORS:
